INFO: [VRFC 10-2263] Analyzing Verilog file "C:/Users/dell/Documents/SysG/Single_FPU/Single_FPU/Single_FPU.srcs/sources_1/new/FPU.v" into library xil_defaultlib
INFO: [VRFC 10-311] analyzing module FPU
INFO: [VRFC 10-2263] Analyzing Verilog file "C:/Users/dell/Documents/SysG/Single_FPU/Single_FPU/Single_FPU.srcs/sources_1/new/add_sub_main.v" into library xil_defaultlib
INFO: [VRFC 10-311] analyzing module add_sub_main
INFO: [VRFC 10-2263] Analyzing Verilog file "C:/Users/dell/Documents/SysG/Single_FPU/Single_FPU/Single_FPU.srcs/sources_1/new/exception_block.v" into library xil_defaultlib
INFO: [VRFC 10-311] analyzing module exception_block
INFO: [VRFC 10-2263] Analyzing Verilog file "C:/Users/dell/Documents/SysG/Single_FPU/Single_FPU/Single_FPU.srcs/sources_1/new/exponent_logic.v" into library xil_defaultlib
INFO: [VRFC 10-311] analyzing module exponent_logic
INFO: [VRFC 10-2263] Analyzing Verilog file "C:/Users/dell/Documents/SysG/Single_FPU/Single_FPU/Single_FPU.srcs/sources_1/new/exponent_sub_upd.v" into library xil_defaultlib
INFO: [VRFC 10-311] analyzing module exponent_sub_upd
INFO: [VRFC 10-2263] Analyzing Verilog file "C:/Users/dell/Documents/SysG/Single_FPU/Single_FPU/Single_FPU.srcs/sources_1/new/flags_block.v" into library xil_defaultlib
INFO: [VRFC 10-311] analyzing module flags_block
INFO: [VRFC 10-2263] Analyzing Verilog file "C:/Users/dell/Documents/SysG/Single_FPU/Single_FPU/Single_FPU.srcs/sources_1/new/flipflop.v" into library xil_defaultlib
INFO: [VRFC 10-311] analyzing module flipflop
INFO: [VRFC 10-2263] Analyzing Verilog file "C:/Users/dell/Documents/SysG/Single_FPU/Single_FPU/Single_FPU.srcs/sources_1/new/mantissa_add_sub.v" into library xil_defaultlib
INFO: [VRFC 10-311] analyzing module mantissa_add_sub
INFO: [VRFC 10-2263] Analyzing Verilog file "C:/Users/dell/Documents/SysG/Single_FPU/Single_FPU/Single_FPU.srcs/sources_1/new/mantissa_divider.v" into library xil_defaultlib
INFO: [VRFC 10-311] analyzing module mantissa_divider
INFO: [VRFC 10-2263] Analyzing Verilog file "C:/Users/dell/Documents/SysG/Single_FPU/Single_FPU/Single_FPU.srcs/sources_1/new/mantissa_shifter.v" into library xil_defaultlib
INFO: [VRFC 10-311] analyzing module mantissa_shifter
INFO: [VRFC 10-2263] Analyzing Verilog file "C:/Users/dell/Documents/SysG/Single_FPU/Single_FPU/Single_FPU.srcs/sources_1/new/mul.v" into library xil_defaultlib
INFO: [VRFC 10-311] analyzing module mul
INFO: [VRFC 10-2263] Analyzing Verilog file "C:/Users/dell/Documents/SysG/Single_FPU/Single_FPU/Single_FPU.srcs/sources_1/new/mul1b.v" into library xil_defaultlib
INFO: [VRFC 10-311] analyzing module mul1b
INFO: [VRFC 10-2263] Analyzing Verilog file "C:/Users/dell/Documents/SysG/Single_FPU/Single_FPU/Single_FPU.srcs/sources_1/new/mul_div.v" into library xil_defaultlib
INFO: [VRFC 10-311] analyzing module mul_div
INFO: [VRFC 10-2263] Analyzing Verilog file "C:/Users/dell/Documents/SysG/Single_FPU/Single_FPU/Single_FPU.srcs/sources_1/new/normalize_rounder.v" into library xil_defaultlib
INFO: [VRFC 10-311] analyzing module normalize_rounder
INFO: [VRFC 10-2263] Analyzing Verilog file "C:/Users/dell/Documents/SysG/Single_FPU/Single_FPU/Single_FPU.srcs/sources_1/new/normalizer.v" into library xil_defaultlib
INFO: [VRFC 10-311] analyzing module normalizer
INFO: [VRFC 10-2263] Analyzing Verilog file "C:/Users/dell/Documents/SysG/Single_FPU/Single_FPU/Single_FPU.srcs/sources_1/new/parallel_shift.v" into library xil_defaultlib
INFO: [VRFC 10-311] analyzing module parallel_shift
INFO: [VRFC 10-2263] Analyzing Verilog file "C:/Users/dell/Documents/SysG/Single_FPU/Single_FPU/Single_FPU.srcs/sources_1/new/rounding.v" into library xil_defaultlib
INFO: [VRFC 10-311] analyzing module rounding
INFO: [VRFC 10-2263] Analyzing Verilog file "C:/Users/dell/Documents/SysG/Single_FPU/Single_FPU/Single_FPU.srcs/sources_1/new/shift.v" into library xil_defaultlib
INFO: [VRFC 10-311] analyzing module shift
INFO: [VRFC 10-2263] Analyzing Verilog file "C:/Users/dell/Documents/SysG/Single_FPU/Single_FPU/Single_FPU.srcs/sources_1/new/sign_logic.v" into library xil_defaultlib
INFO: [VRFC 10-311] analyzing module sign_logic
INFO: [VRFC 10-2263] Analyzing Verilog file "C:/Users/dell/Documents/SysG/Single_FPU/Single_FPU/Single_FPU.srcs/sources_1/new/sign_logic_muldiv.v" into library xil_defaultlib
INFO: [VRFC 10-311] analyzing module sign_logic_muldiv
INFO: [VRFC 10-2263] Analyzing Verilog file "C:/Users/dell/Documents/SysG/Single_FPU/Single_FPU/Single_FPU.srcs/sources_1/new/step.v" into library xil_defaultlib
INFO: [VRFC 10-311] analyzing module step
INFO: [VRFC 10-2263] Analyzing Verilog file "C:/Users/dell/Documents/SysG/Single_FPU/Single_FPU/Single_FPU.srcs/sources_1/new/sum1b.v" into library xil_defaultlib
INFO: [VRFC 10-311] analyzing module sum1b
INFO: [VRFC 10-2263] Analyzing Verilog file "C:/Users/dell/Documents/SysG/Single_FPU/Single_FPU/Single_FPU.srcs/sim_1/new/FPU_tb.v" into library xil_defaultlib
INFO: [VRFC 10-311] analyzing module FPU_tb
